// Jest Snapshot v1, https://goo.gl/fbAQLP

exports[`adding a snapshot 1`] = `
Object {
  "banana": true,
}
`;
